// Jest Snapshot v1, https://goo.gl/fbAQLP

exports[`test checkbox example 1`] = `
"<div class=\\"var-checkboxGroup-example\\">
  <div class=\\"app-type\\">基本使用</div>
  <div class=\\"var-checkbox__wrap\\">
    <div class=\\"var-checkbox\\">
      <div class=\\"var-checkbox__action var-checkbox--unchecked\\">
        <!----> <i class=\\"var-icon var-checkbox__icon var-icon--set var-icon-checkbox-blank-outline\\" style=\\"transition: transform 0ms;\\" var-checkbox-cover=\\"\\"></i></div>
      <div class=\\"var-checkbox__text\\">当前的值: false</div>
    </div>
    <transition-stub name=\\"var-form-details\\">
      <!---->
    </transition-stub>
  </div>
  <div class=\\"app-type\\">设置状态值</div>
  <div class=\\"var-checkbox__wrap\\">
    <div class=\\"var-checkbox\\">
      <div class=\\"var-checkbox__action var-checkbox--unchecked\\">
        <!----> <i class=\\"var-icon var-checkbox__icon var-icon--set var-icon-checkbox-blank-outline\\" style=\\"transition: transform 0ms;\\" var-checkbox-cover=\\"\\"></i></div>
      <div class=\\"var-checkbox__text\\">
        当前的值: 0
      </div>
    </div>
    <transition-stub name=\\"var-form-details\\">
      <!---->
    </transition-stub>
  </div>
  <div class=\\"app-type\\">修改图标和颜色</div>
  <div class=\\"var-checkbox__wrap\\">
    <div class=\\"var-checkbox\\">
      <div class=\\"var-checkbox__action var-checkbox--unchecked\\" style=\\"color: rgb(233, 158, 180);\\">
        <!----> <i class=\\"var-icon var-icon--set var-icon-heart-half-full\\" style=\\"transition: transform 0ms; font-size: 24px;\\"></i></div>
      <div class=\\"var-checkbox__text\\"> 当前的值: false </div>
    </div>
    <transition-stub name=\\"var-form-details\\">
      <!---->
    </transition-stub>
  </div>
  <div class=\\"app-type\\">禁用</div>
  <div class=\\"var-checkbox__wrap\\">
    <div class=\\"var-checkbox\\">
      <div class=\\"var-checkbox__action var-checkbox--unchecked var-checkbox--disabled\\">
        <!----> <i class=\\"var-icon var-checkbox__icon var-icon--set var-icon-checkbox-blank-outline\\" style=\\"transition: transform 0ms;\\" var-checkbox-cover=\\"\\"></i></div>
      <div class=\\"var-checkbox__text var-checkbox--disabled\\">当前的值: false</div>
    </div>
    <transition-stub name=\\"var-form-details\\">
      <!---->
    </transition-stub>
  </div>
  <div class=\\"app-type\\">只读</div>
  <div class=\\"var-checkbox__wrap\\">
    <div class=\\"var-checkbox\\">
      <div class=\\"var-checkbox__action var-checkbox--unchecked\\">
        <!----> <i class=\\"var-icon var-checkbox__icon var-icon--set var-icon-checkbox-blank-outline\\" style=\\"transition: transform 0ms;\\" var-checkbox-cover=\\"\\"></i></div>
      <div class=\\"var-checkbox__text\\">当前的值: false</div>
    </div>
    <transition-stub name=\\"var-form-details\\">
      <!---->
    </transition-stub>
  </div>
  <div class=\\"app-type\\">复选框组</div>
  <div class=\\"var-checkbox-group__wrap\\">
    <div class=\\"var-checkbox-group var-checkbox-group--horizontal\\">
      <div class=\\"var-checkbox__wrap\\">
        <div class=\\"var-checkbox\\">
          <div class=\\"var-checkbox__action var-checkbox--unchecked\\">
            <!----> <i class=\\"var-icon var-checkbox__icon var-icon--set var-icon-checkbox-blank-outline\\" style=\\"transition: transform 0ms;\\" var-checkbox-cover=\\"\\"></i></div>
          <div class=\\"var-checkbox__text\\">吃饭</div>
        </div>
        <transition-stub name=\\"var-form-details\\">
          <!---->
        </transition-stub>
      </div>
      <div class=\\"var-checkbox__wrap\\">
        <div class=\\"var-checkbox\\">
          <div class=\\"var-checkbox__action var-checkbox--unchecked\\">
            <!----> <i class=\\"var-icon var-checkbox__icon var-icon--set var-icon-checkbox-blank-outline\\" style=\\"transition: transform 0ms;\\" var-checkbox-cover=\\"\\"></i></div>
          <div class=\\"var-checkbox__text\\">睡觉</div>
        </div>
        <transition-stub name=\\"var-form-details\\">
          <!---->
        </transition-stub>
      </div> <button class=\\"var-button var--box button var-button--normal var--inline-flex var-button--primary var-elevation--2\\">
        <!---->
        <div class=\\"var-button__content\\">全选</div>
      </button> <button class=\\"var-button var--box button var-button--normal var--inline-flex var-button--primary var-elevation--2\\">
        <!---->
        <div class=\\"var-button__content\\">反选</div>
      </button>
    </div>
    <transition-stub name=\\"var-form-details\\">
      <!---->
    </transition-stub>
  </div>
  <div class=\\"relation\\">当前的值: []</div>
  <div class=\\"app-type\\">复选框字段校验</div>
  <div class=\\"var-checkbox__wrap\\">
    <div class=\\"var-checkbox\\">
      <div class=\\"var-checkbox__action var-checkbox--unchecked\\">
        <!----> <i class=\\"var-icon var-checkbox__icon var-icon--set var-icon-checkbox-blank-outline\\" style=\\"transition: transform 0ms;\\" var-checkbox-cover=\\"\\"></i></div>
      <div class=\\"var-checkbox__text\\">
        当前的值: false
      </div>
    </div>
    <transition-stub name=\\"var-form-details\\">
      <!---->
    </transition-stub>
  </div>
  <div class=\\"app-type\\">复选框组字段校验</div>
  <div class=\\"var-checkbox-group__wrap\\">
    <div class=\\"var-checkbox-group var-checkbox-group--horizontal\\">
      <div class=\\"var-checkbox__wrap\\">
        <div class=\\"var-checkbox\\">
          <div class=\\"var-checkbox__action var-checkbox--unchecked\\">
            <!----> <i class=\\"var-icon var-checkbox__icon var-icon--set var-icon-checkbox-blank-outline\\" style=\\"transition: transform 0ms;\\" var-checkbox-cover=\\"\\"></i></div>
          <div class=\\"var-checkbox__text\\">吃饭</div>
        </div>
        <transition-stub name=\\"var-form-details\\">
          <!---->
        </transition-stub>
      </div>
      <div class=\\"var-checkbox__wrap\\">
        <div class=\\"var-checkbox\\">
          <div class=\\"var-checkbox__action var-checkbox--unchecked\\">
            <!----> <i class=\\"var-icon var-checkbox__icon var-icon--set var-icon-checkbox-blank-outline\\" style=\\"transition: transform 0ms;\\" var-checkbox-cover=\\"\\"></i></div>
          <div class=\\"var-checkbox__text\\">睡觉</div>
        </div>
        <transition-stub name=\\"var-form-details\\">
          <!---->
        </transition-stub>
      </div>
    </div>
    <transition-stub name=\\"var-form-details\\">
      <!---->
    </transition-stub>
  </div>
  <div class=\\"relation\\">当前的值: []</div>
  <div class=\\"space\\"></div>
</div>"
`;
