// Jest Snapshot v1, https://goo.gl/fbAQLP

exports[`test lazy example 1`] = `
"<div class=\\"var-lazy-example\\">
  <div class=\\"app-type\\">基本使用</div> <img class=\\"cat\\" src=\\"data:image/gif;base64,R0lGODlhAQABAIAAAP///wAAACH5BAEAAAAALAAAAAABAAEAAAICRAEAOw==\\"> <img class=\\"cat\\" src=\\"data:image/gif;base64,R0lGODlhAQABAIAAAP///wAAACH5BAEAAAAALAAAAAABAAEAAAICRAEAOw==\\"> <img class=\\"cat\\" src=\\"data:image/gif;base64,R0lGODlhAQABAIAAAP///wAAACH5BAEAAAAALAAAAAABAAEAAAICRAEAOw==\\"> <img class=\\"cat\\" src=\\"data:image/gif;base64,R0lGODlhAQABAIAAAP///wAAACH5BAEAAAAALAAAAAABAAEAAAICRAEAOw==\\"> <img class=\\"cat\\" src=\\"data:image/gif;base64,R0lGODlhAQABAIAAAP///wAAACH5BAEAAAAALAAAAAABAAEAAAICRAEAOw==\\">
  <div class=\\"app-type\\">背景图懒加载</div>
  <div class=\\"cat\\" style=\\"background-image: url(data:image/gif;base64,R0lGODlhAQABAIAAAP///wAAACH5BAEAAAAALAAAAAABAAEAAAICRAEAOw==);\\"></div>
</div>"
`;
