// Jest Snapshot v1, https://goo.gl/fbAQLP

exports[`test space example 1`] = `
"<div class=\\"var-space-example\\">
  <div class=\\"app-type\\">基本用法</div>
  <div class=\\"var-space var--box\\" style=\\"flex-direction: row; justify-content: start; flex-wrap: wrap; margin: -4px 0px;\\">
    <div style=\\"margin: 4px 12px 4px 0px;\\"><button class=\\"var-button var--box var-button--normal var--inline-flex var-button--default var-elevation--2\\">
        <!---->
        <div class=\\"var-button__content\\">Button1</div>
      </button></div>
    <div style=\\"margin: 4px 12px 4px 0px;\\"> </div>
    <div style=\\"margin: 4px 12px 4px 0px;\\"><button class=\\"var-button var--box var-button--normal var--inline-flex var-button--default var-elevation--2\\">
        <!---->
        <div class=\\"var-button__content\\">Button2</div>
      </button></div>
    <div style=\\"margin: 4px 12px 4px 0px;\\"> </div>
    <div style=\\"margin: 4px 0px;\\"><button class=\\"var-button var--box var-button--normal var--inline-flex var-button--default var-elevation--2\\">
        <!---->
        <div class=\\"var-button__content\\">Button3</div>
      </button></div>
  </div>
  <div class=\\"app-type\\">垂直</div>
  <div class=\\"var-space var--box\\" style=\\"flex-direction: column; justify-content: start; flex-wrap: wrap;\\">
    <div style=\\"margin: 0px 0px 12px 0px;\\"><button class=\\"var-button var--box var-button--normal var--inline-flex var-button--default var-elevation--2\\">
        <!---->
        <div class=\\"var-button__content\\">Button1</div>
      </button></div>
    <div style=\\"margin: 0px 0px 12px 0px;\\"> </div>
    <div style=\\"margin: 0px 0px 12px 0px;\\"><button class=\\"var-button var--box var-button--normal var--inline-flex var-button--default var-elevation--2\\">
        <!---->
        <div class=\\"var-button__content\\">Button2</div>
      </button></div>
    <div style=\\"margin: 0px 0px 12px 0px;\\"> </div>
    <div style=\\"margin: 0px;\\"><button class=\\"var-button var--box var-button--normal var--inline-flex var-button--default var-elevation--2\\">
        <!---->
        <div class=\\"var-button__content\\">Button3</div>
      </button></div>
  </div>
  <div class=\\"app-type\\">间隙</div>
  <div class=\\"var-space var--box\\" style=\\"flex-direction: row; justify-content: start; flex-wrap: wrap; margin: -10px 0px;\\">
    <div style=\\"margin: 10px 20px 10px 0px;\\"><button class=\\"var-button var--box var-button--normal var--inline-flex var-button--default var-elevation--2\\">
        <!---->
        <div class=\\"var-button__content\\">Button1</div>
      </button></div>
    <div style=\\"margin: 10px 20px 10px 0px;\\"> </div>
    <div style=\\"margin: 10px 20px 10px 0px;\\"><button class=\\"var-button var--box var-button--normal var--inline-flex var-button--default var-elevation--2\\">
        <!---->
        <div class=\\"var-button__content\\">Button2</div>
      </button></div>
    <div style=\\"margin: 10px 20px 10px 0px;\\"> </div>
    <div style=\\"margin: 10px 20px 10px 0px;\\"><button class=\\"var-button var--box var-button--normal var--inline-flex var-button--default var-elevation--2\\">
        <!---->
        <div class=\\"var-button__content\\">Button3</div>
      </button></div>
    <div style=\\"margin: 10px 20px 10px 0px;\\"> </div>
    <div style=\\"margin: 10px 20px 10px 0px;\\"><button class=\\"var-button var--box var-button--normal var--inline-flex var-button--default var-elevation--2\\">
        <!---->
        <div class=\\"var-button__content\\">Button4</div>
      </button></div>
    <div style=\\"margin: 10px 20px 10px 0px;\\"> </div>
    <div style=\\"margin: 10px 20px 10px 0px;\\"><button class=\\"var-button var--box var-button--normal var--inline-flex var-button--default var-elevation--2\\">
        <!---->
        <div class=\\"var-button__content\\">Button5</div>
      </button></div>
    <div style=\\"margin: 10px 20px 10px 0px;\\"> </div>
    <div style=\\"margin: 10px 0px;\\"><button class=\\"var-button var--box var-button--normal var--inline-flex var-button--default var-elevation--2\\">
        <!---->
        <div class=\\"var-button__content\\">Button6</div>
      </button></div>
  </div>
  <div class=\\"app-type\\">靠右</div>
  <div class=\\"var-space var--box\\" style=\\"flex-direction: row; justify-content: end; flex-wrap: wrap; margin: -4px 0px;\\">
    <div style=\\"margin: 4px 12px 4px 0px;\\"><button class=\\"var-button var--box var-button--normal var--inline-flex var-button--default var-elevation--2\\">
        <!---->
        <div class=\\"var-button__content\\">Button1</div>
      </button></div>
    <div style=\\"margin: 4px 12px 4px 0px;\\"> </div>
    <div style=\\"margin: 4px 0px;\\"><button class=\\"var-button var--box var-button--normal var--inline-flex var-button--default var-elevation--2\\">
        <!---->
        <div class=\\"var-button__content\\">Button2</div>
      </button></div>
  </div>
  <div class=\\"app-type\\">环绕</div>
  <div class=\\"var-space var--box\\" style=\\"flex-direction: row; justify-content: space-around; flex-wrap: wrap; margin: -4px 0px;\\">
    <div style=\\"margin: 4px 6px;\\"><button class=\\"var-button var--box var-button--normal var--inline-flex var-button--default var-elevation--2\\">
        <!---->
        <div class=\\"var-button__content\\">Button1</div>
      </button></div>
    <div style=\\"margin: 4px 6px;\\"> </div>
    <div style=\\"margin: 4px 6px;\\"><button class=\\"var-button var--box var-button--normal var--inline-flex var-button--default var-elevation--2\\">
        <!---->
        <div class=\\"var-button__content\\">Button2</div>
      </button></div>
  </div>
  <div class=\\"app-type\\">居中</div>
  <div class=\\"var-space var--box\\" style=\\"flex-direction: row; justify-content: center; flex-wrap: wrap; margin: -4px 0px;\\">
    <div style=\\"margin: 4px 12px 4px 0px;\\"><button class=\\"var-button var--box var-button--normal var--inline-flex var-button--default var-elevation--2\\">
        <!---->
        <div class=\\"var-button__content\\">Button1</div>
      </button></div>
    <div style=\\"margin: 4px 12px 4px 0px;\\"> </div>
    <div style=\\"margin: 4px 0px;\\"><button class=\\"var-button var--box var-button--normal var--inline-flex var-button--default var-elevation--2\\">
        <!---->
        <div class=\\"var-button__content\\">Button2</div>
      </button></div>
  </div>
  <div class=\\"app-type\\">两端对齐</div>
  <div class=\\"var-space var--box\\" style=\\"flex-direction: row; justify-content: space-between; flex-wrap: wrap; margin: -4px 0px;\\">
    <div style=\\"margin: 4px 6px 4px 0px;\\"><button class=\\"var-button var--box var-button--normal var--inline-flex var-button--default var-elevation--2\\">
        <!---->
        <div class=\\"var-button__content\\">Button1</div>
      </button></div>
    <div style=\\"margin: 4px 6px;\\"> </div>
    <div style=\\"margin: 4px 0px 4px 6px;\\"><button class=\\"var-button var--box var-button--normal var--inline-flex var-button--default var-elevation--2\\">
        <!---->
        <div class=\\"var-button__content\\">Button2</div>
      </button></div>
  </div>
</div>"
`;
